Archive member included to satisfy reference by file (symbol)

/usr/lib/gcc/avr/5.4.0/avr5/libgcc.a(_udivmodqi4.o)
                              uzeboxVideoEngine.o (__udivmodqi4)
/usr/lib/gcc/avr/5.4.0/avr5/libgcc.a(_udivmodhi4.o)
                              uzeboxVideoEngine.o (__udivmodhi4)
/usr/lib/gcc/avr/5.4.0/avr5/libgcc.a(_divmodhi4.o)
                              uzeboxSoundEngine.o (__divmodhi4)
/usr/lib/gcc/avr/5.4.0/avr5/libgcc.a(_udivmodsi4.o)
                              uzeboxVideoEngine.o (__udivmodsi4)
/usr/lib/gcc/avr/5.4.0/avr5/libgcc.a(_exit.o)
                              /usr/lib/gcc/avr/5.4.0/../../../avr/lib/avr5/crtatmega644.o (exit)
/usr/lib/gcc/avr/5.4.0/avr5/libgcc.a(_copy_data.o)
                              uzeboxVideoEngine.o (__do_copy_data)
/usr/lib/gcc/avr/5.4.0/avr5/libgcc.a(_clear_bss.o)
                              uzeboxCore.o (__do_clear_bss)
/usr/lib/gcc/avr/5.4.0/../../../avr/lib/avr5/libc.a(itoa_ncheck.o)
                              jump.o (__itoa_ncheck)
/usr/lib/gcc/avr/5.4.0/../../../avr/lib/avr5/libc.a(utoa_ncheck.o)
                              /usr/lib/gcc/avr/5.4.0/../../../avr/lib/avr5/libc.a(itoa_ncheck.o) (__utoa_common)
/usr/lib/gcc/avr/5.4.0/../../../avr/lib/avr5/libc.a(strrev.o)
                              /usr/lib/gcc/avr/5.4.0/../../../avr/lib/avr5/libc.a(utoa_ncheck.o) (strrev)

Allocating common symbols
Common symbol       size              file

bridges             0x30              jump.o
songStart           0x2               uzeboxSoundEngine.o
timeisup            0x1               jump.o
tracks              0x73              uzeboxSoundEngine.o
fadeSpeed           0x1               uzeboxVideoEngine.o
blob                0xb               jump.o
currDeltaTime       0x2               uzeboxSoundEngine.o
fadeDir             0x1               uzeboxVideoEngine.o
patchPointers       0x2               uzeboxSoundEngine.o
player              0x1c              jump.o
introplaying        0x1               jump.o
ly                  0x2               jump.o
lastStatus          0x1               uzeboxSoundEngine.o
joypadsConnectionStatus
                    0x1               uzeboxCore.o
waterscrolls        0x1c              jump.o
fadeActive          0x1               uzeboxVideoEngine.o
bl                  0x1               jump.o
levMovedCnt         0x2               jump.o
bananay             0x2               jump.o
score               0x2               jump.o
masterVolume        0x1               uzeboxSoundEngine.o
nextDeltaTime       0x2               uzeboxSoundEngine.o
bananaxs            0x14              jump.o
songSpeed           0x1               uzeboxSoundEngine.o
songPos             0x2               uzeboxSoundEngine.o
oldx                0x2               jump.o
level               0x1               jump.o
play                0x1               jump.o
bananays            0x14              jump.o
waterxs             0x1c              jump.o
exitgame            0x1               jump.o
time                0x4               jump.o
MonsteronScreen     0x1               jump.o
player2             0x1c              jump.o
loopStart           0x2               uzeboxSoundEngine.o
lives               0x1               jump.o
owl                 0xb               jump.o
destX               0x1               jump.o
bananax             0x2               jump.o
dp                  0x2               jump.o
step                0x1               uzeboxSoundEngine.o
diamonds            0x32              jump.o
bonus               0x2               jump.o
currFadeFrame       0x1               uzeboxVideoEngine.o
fadeStep            0x1               uzeboxVideoEngine.o
finished            0x1               jump.o
bananascrolls       0x14              jump.o
isplaying           0x1               jump.o
leveltime           0x1               jump.o
oldx2               0x2               jump.o
Levelx              0x1               jump.o
died                0x1               jump.o
lx                  0x2               jump.o
aniframe            0x1               jump.o
oldy                0x2               jump.o
waterys             0x1c              jump.o
scrolltiles         0x1               jump.o

Discarded input sections

 .data          0x0000000000000000        0x0 /usr/lib/gcc/avr/5.4.0/../../../avr/lib/avr5/crtatmega644.o
 .bss           0x0000000000000000        0x0 /usr/lib/gcc/avr/5.4.0/../../../avr/lib/avr5/crtatmega644.o
 .data          0x0000000000000000        0x0 uzeboxVideoEngineCore.o
 .text.SetSpritesTileBank
                0x0000000000000000       0x12 uzeboxVideoEngineCore.o
 .text.SetFont  0x0000000000000000        0x8 uzeboxVideoEngineCore.o
 .text.SetFontTilesIndex
                0x0000000000000000        0x6 uzeboxVideoEngineCore.o
 .text.GetTile  0x0000000000000000       0x24 uzeboxVideoEngineCore.o
 .text.GetVsyncCounter
                0x0000000000000000        0xa uzeboxVideoEngineCore.o
 .text.ClearVsyncCounter
                0x0000000000000000        0xa uzeboxVideoEngineCore.o
 .text.WaitUs   0x0000000000000000        0xe uzeboxVideoEngineCore.o
 .text.SetUserPreVsyncCallback
                0x0000000000000000        0xa uzeboxVideoEngineCore.o
 .text.IsRunningInEmulator
                0x0000000000000000       0x12 uzeboxVideoEngineCore.o
 .text.WaitClocks
                0x0000000000000000        0x6 uzeboxVideoEngineCore.o
 .text.SetLedOn
                0x0000000000000000        0x4 uzeboxVideoEngineCore.o
 .text.SetLedOff
                0x0000000000000000        0x4 uzeboxVideoEngineCore.o
 .text.ToggleLed
                0x0000000000000000        0x4 uzeboxVideoEngineCore.o
 .text.internal_spi_byte
                0x0000000000000000        0xe uzeboxVideoEngineCore.o
 .text          0x0000000000000000        0x0 uzeboxCore.o
 .data          0x0000000000000000        0x0 uzeboxCore.o
 .bss           0x0000000000000000        0x2 uzeboxCore.o
 .text.SetRenderingParameters
                0x0000000000000000        0xa uzeboxCore.o
 .text.DetectControllers
                0x0000000000000000       0x36 uzeboxCore.o
 .text.FormatEeprom2
                0x0000000000000000       0x96 uzeboxCore.o
 .text.IsPowerSwitchPressed
                0x0000000000000000        0xe uzeboxCore.o
 .text.EepromBlockExists
                0x0000000000000000       0xa4 uzeboxCore.o
 .text.EepromWriteBlock
                0x0000000000000000       0x94 uzeboxCore.o
 .text.EepromReadBlock
                0x0000000000000000       0x66 uzeboxCore.o
 .text.GetPrngNumber
                0x0000000000000000       0x5c uzeboxCore.o
 .text          0x0000000000000000        0x0 uzeboxSoundEngine.o
 .data          0x0000000000000000        0x0 uzeboxSoundEngine.o
 .text.ResumeSong
                0x0000000000000000        0x8 uzeboxSoundEngine.o
 .text.SetSongSpeed
                0x0000000000000000        0x6 uzeboxSoundEngine.o
 .text.GetSongSpeed
                0x0000000000000000        0x6 uzeboxSoundEngine.o
 .text.SetMasterVolume
                0x0000000000000000        0x6 uzeboxSoundEngine.o
 .text.GetMasterVolume
                0x0000000000000000        0x6 uzeboxSoundEngine.o
 .text.IsSongPlaying
                0x0000000000000000        0x6 uzeboxSoundEngine.o
 .data          0x0000000000000000        0x0 uzeboxSoundEngineCore.o
 .text.SetMixerNoiseParams
                0x0000000000000000       0x10 uzeboxSoundEngineCore.o
 .text.SetMixerVolume
                0x0000000000000000       0x16 uzeboxSoundEngineCore.o
 .text.EnableSoundEngine
                0x0000000000000000        0x8 uzeboxSoundEngineCore.o
 .text.DisableSoundEngine
                0x0000000000000000        0x8 uzeboxSoundEngineCore.o
 .avr.prop      0x0000000000000000       0x16 uzeboxSoundEngineCore.o
 .text          0x0000000000000000        0x0 uzeboxVideoEngine.o
 .bss           0x0000000000000000        0x0 uzeboxVideoEngine.o
 .text.SetUserRamTilesCount
                0x0000000000000000        0x6 uzeboxVideoEngine.o
 .text.GetUserRamTile
                0x0000000000000000        0xe uzeboxVideoEngine.o
 .text.SetSpriteVisibility
                0x0000000000000000        0x6 uzeboxVideoEngine.o
 .text.SetScrolling
                0x0000000000000000       0x20 uzeboxVideoEngine.o
 .text.MapSprite
                0x0000000000000000       0x4e uzeboxVideoEngine.o
 .text.PrintLong
                0x0000000000000000       0x8a uzeboxVideoEngine.o
 .text.PrintByte
                0x0000000000000000       0x66 uzeboxVideoEngine.o
 .text.PrintInt
                0x0000000000000000       0x70 uzeboxVideoEngine.o
 .text.PrintBinaryByte
                0x0000000000000000       0x36 uzeboxVideoEngine.o
 .text.PrintHexByte
                0x0000000000000000       0x40 uzeboxVideoEngine.o
 .text.PrintHexInt
                0x0000000000000000       0x24 uzeboxVideoEngine.o
 .text.PrintHexLong
                0x0000000000000000       0x5e uzeboxVideoEngine.o
 .text.Print    0x0000000000000000       0x48 uzeboxVideoEngine.o
 .text.PrintRam
                0x0000000000000000       0x34 uzeboxVideoEngine.o
 .text.PrintChar
                0x0000000000000000        0x6 uzeboxVideoEngine.o
 .text.Fill     0x0000000000000000       0x74 uzeboxVideoEngine.o
 .text.FontFill
                0x0000000000000000       0x6c uzeboxVideoEngine.o
 .text          0x0000000000000000        0x0 jump.o
 .data          0x0000000000000000        0x2 jump.o
 .text          0x0000000000000000        0x0 /usr/lib/gcc/avr/5.4.0/avr5/libgcc.a(_udivmodqi4.o)
 .data          0x0000000000000000        0x0 /usr/lib/gcc/avr/5.4.0/avr5/libgcc.a(_udivmodqi4.o)
 .bss           0x0000000000000000        0x0 /usr/lib/gcc/avr/5.4.0/avr5/libgcc.a(_udivmodqi4.o)
 .text.libgcc.mul
                0x0000000000000000        0x0 /usr/lib/gcc/avr/5.4.0/avr5/libgcc.a(_udivmodqi4.o)
 .text.libgcc.div
                0x0000000000000000       0x18 /usr/lib/gcc/avr/5.4.0/avr5/libgcc.a(_udivmodqi4.o)
 .text.libgcc   0x0000000000000000        0x0 /usr/lib/gcc/avr/5.4.0/avr5/libgcc.a(_udivmodqi4.o)
 .text.libgcc.prologue
                0x0000000000000000        0x0 /usr/lib/gcc/avr/5.4.0/avr5/libgcc.a(_udivmodqi4.o)
 .text.libgcc.builtins
                0x0000000000000000        0x0 /usr/lib/gcc/avr/5.4.0/avr5/libgcc.a(_udivmodqi4.o)
 .text.libgcc.fmul
                0x0000000000000000        0x0 /usr/lib/gcc/avr/5.4.0/avr5/libgcc.a(_udivmodqi4.o)
 .text.libgcc.fixed
                0x0000000000000000        0x0 /usr/lib/gcc/avr/5.4.0/avr5/libgcc.a(_udivmodqi4.o)
 .text          0x0000000000000000        0x0 /usr/lib/gcc/avr/5.4.0/avr5/libgcc.a(_udivmodhi4.o)
 .data          0x0000000000000000        0x0 /usr/lib/gcc/avr/5.4.0/avr5/libgcc.a(_udivmodhi4.o)
 .bss           0x0000000000000000        0x0 /usr/lib/gcc/avr/5.4.0/avr5/libgcc.a(_udivmodhi4.o)
 .text.libgcc.mul
                0x0000000000000000        0x0 /usr/lib/gcc/avr/5.4.0/avr5/libgcc.a(_udivmodhi4.o)
 .text.libgcc   0x0000000000000000        0x0 /usr/lib/gcc/avr/5.4.0/avr5/libgcc.a(_udivmodhi4.o)
 .text.libgcc.prologue
                0x0000000000000000        0x0 /usr/lib/gcc/avr/5.4.0/avr5/libgcc.a(_udivmodhi4.o)
 .text.libgcc.builtins
                0x0000000000000000        0x0 /usr/lib/gcc/avr/5.4.0/avr5/libgcc.a(_udivmodhi4.o)
 .text.libgcc.fmul
                0x0000000000000000        0x0 /usr/lib/gcc/avr/5.4.0/avr5/libgcc.a(_udivmodhi4.o)
 .text.libgcc.fixed
                0x0000000000000000        0x0 /usr/lib/gcc/avr/5.4.0/avr5/libgcc.a(_udivmodhi4.o)
 .text          0x0000000000000000        0x0 /usr/lib/gcc/avr/5.4.0/avr5/libgcc.a(_divmodhi4.o)
 .data          0x0000000000000000        0x0 /usr/lib/gcc/avr/5.4.0/avr5/libgcc.a(_divmodhi4.o)
 .bss           0x0000000000000000        0x0 /usr/lib/gcc/avr/5.4.0/avr5/libgcc.a(_divmodhi4.o)
 .text.libgcc.mul
                0x0000000000000000        0x0 /usr/lib/gcc/avr/5.4.0/avr5/libgcc.a(_divmodhi4.o)
 .text.libgcc   0x0000000000000000        0x0 /usr/lib/gcc/avr/5.4.0/avr5/libgcc.a(_divmodhi4.o)
 .text.libgcc.prologue
                0x0000000000000000        0x0 /usr/lib/gcc/avr/5.4.0/avr5/libgcc.a(_divmodhi4.o)
 .text.libgcc.builtins
                0x0000000000000000        0x0 /usr/lib/gcc/avr/5.4.0/avr5/libgcc.a(_divmodhi4.o)
 .text.libgcc.fmul
                0x0000000000000000        0x0 /usr/lib/gcc/avr/5.4.0/avr5/libgcc.a(_divmodhi4.o)
 .text.libgcc.fixed
                0x0000000000000000        0x0 /usr/lib/gcc/avr/5.4.0/avr5/libgcc.a(_divmodhi4.o)
 .text          0x0000000000000000        0x0 /usr/lib/gcc/avr/5.4.0/avr5/libgcc.a(_udivmodsi4.o)
 .data          0x0000000000000000        0x0 /usr/lib/gcc/avr/5.4.0/avr5/libgcc.a(_udivmodsi4.o)
 .bss           0x0000000000000000        0x0 /usr/lib/gcc/avr/5.4.0/avr5/libgcc.a(_udivmodsi4.o)
 .text.libgcc.mul
                0x0000000000000000        0x0 /usr/lib/gcc/avr/5.4.0/avr5/libgcc.a(_udivmodsi4.o)
 .text.libgcc   0x0000000000000000        0x0 /usr/lib/gcc/avr/5.4.0/avr5/libgcc.a(_udivmodsi4.o)
 .text.libgcc.prologue
                0x0000000000000000        0x0 /usr/lib/gcc/avr/5.4.0/avr5/libgcc.a(_udivmodsi4.o)
 .text.libgcc.builtins
                0x0000000000000000        0x0 /usr/lib/gcc/avr/5.4.0/avr5/libgcc.a(_udivmodsi4.o)
 .text.libgcc.fmul
                0x0000000000000000        0x0 /usr/lib/gcc/avr/5.4.0/avr5/libgcc.a(_udivmodsi4.o)
 .text.libgcc.fixed
                0x0000000000000000        0x0 /usr/lib/gcc/avr/5.4.0/avr5/libgcc.a(_udivmodsi4.o)
 .text          0x0000000000000000        0x0 /usr/lib/gcc/avr/5.4.0/avr5/libgcc.a(_exit.o)
 .data          0x0000000000000000        0x0 /usr/lib/gcc/avr/5.4.0/avr5/libgcc.a(_exit.o)
 .bss           0x0000000000000000        0x0 /usr/lib/gcc/avr/5.4.0/avr5/libgcc.a(_exit.o)
 .text.libgcc.mul
                0x0000000000000000        0x0 /usr/lib/gcc/avr/5.4.0/avr5/libgcc.a(_exit.o)
 .text.libgcc.div
                0x0000000000000000        0x0 /usr/lib/gcc/avr/5.4.0/avr5/libgcc.a(_exit.o)
 .text.libgcc   0x0000000000000000        0x0 /usr/lib/gcc/avr/5.4.0/avr5/libgcc.a(_exit.o)
 .text.libgcc.prologue
                0x0000000000000000        0x0 /usr/lib/gcc/avr/5.4.0/avr5/libgcc.a(_exit.o)
 .text.libgcc.builtins
                0x0000000000000000        0x0 /usr/lib/gcc/avr/5.4.0/avr5/libgcc.a(_exit.o)
 .text.libgcc.fmul
                0x0000000000000000        0x0 /usr/lib/gcc/avr/5.4.0/avr5/libgcc.a(_exit.o)
 .text.libgcc.fixed
                0x0000000000000000        0x0 /usr/lib/gcc/avr/5.4.0/avr5/libgcc.a(_exit.o)
 .text          0x0000000000000000        0x0 /usr/lib/gcc/avr/5.4.0/avr5/libgcc.a(_copy_data.o)
 .data          0x0000000000000000        0x0 /usr/lib/gcc/avr/5.4.0/avr5/libgcc.a(_copy_data.o)
 .bss           0x0000000000000000        0x0 /usr/lib/gcc/avr/5.4.0/avr5/libgcc.a(_copy_data.o)
 .text.libgcc.mul
                0x0000000000000000        0x0 /usr/lib/gcc/avr/5.4.0/avr5/libgcc.a(_copy_data.o)
 .text.libgcc.div
                0x0000000000000000        0x0 /usr/lib/gcc/avr/5.4.0/avr5/libgcc.a(_copy_data.o)
 .text.libgcc   0x0000000000000000        0x0 /usr/lib/gcc/avr/5.4.0/avr5/libgcc.a(_copy_data.o)
 .text.libgcc.prologue
                0x0000000000000000        0x0 /usr/lib/gcc/avr/5.4.0/avr5/libgcc.a(_copy_data.o)
 .text.libgcc.builtins
                0x0000000000000000        0x0 /usr/lib/gcc/avr/5.4.0/avr5/libgcc.a(_copy_data.o)
 .text.libgcc.fmul
                0x0000000000000000        0x0 /usr/lib/gcc/avr/5.4.0/avr5/libgcc.a(_copy_data.o)
 .text.libgcc.fixed
                0x0000000000000000        0x0 /usr/lib/gcc/avr/5.4.0/avr5/libgcc.a(_copy_data.o)
 .text          0x0000000000000000        0x0 /usr/lib/gcc/avr/5.4.0/avr5/libgcc.a(_clear_bss.o)
 .data          0x0000000000000000        0x0 /usr/lib/gcc/avr/5.4.0/avr5/libgcc.a(_clear_bss.o)
 .bss           0x0000000000000000        0x0 /usr/lib/gcc/avr/5.4.0/avr5/libgcc.a(_clear_bss.o)
 .text.libgcc.mul
                0x0000000000000000        0x0 /usr/lib/gcc/avr/5.4.0/avr5/libgcc.a(_clear_bss.o)
 .text.libgcc.div
                0x0000000000000000        0x0 /usr/lib/gcc/avr/5.4.0/avr5/libgcc.a(_clear_bss.o)
 .text.libgcc   0x0000000000000000        0x0 /usr/lib/gcc/avr/5.4.0/avr5/libgcc.a(_clear_bss.o)
 .text.libgcc.prologue
                0x0000000000000000        0x0 /usr/lib/gcc/avr/5.4.0/avr5/libgcc.a(_clear_bss.o)
 .text.libgcc.builtins
                0x0000000000000000        0x0 /usr/lib/gcc/avr/5.4.0/avr5/libgcc.a(_clear_bss.o)
 .text.libgcc.fmul
                0x0000000000000000        0x0 /usr/lib/gcc/avr/5.4.0/avr5/libgcc.a(_clear_bss.o)
 .text.libgcc.fixed
                0x0000000000000000        0x0 /usr/lib/gcc/avr/5.4.0/avr5/libgcc.a(_clear_bss.o)
 .text          0x0000000000000000        0x0 /usr/lib/gcc/avr/5.4.0/../../../avr/lib/avr5/libc.a(itoa_ncheck.o)
 .data          0x0000000000000000        0x0 /usr/lib/gcc/avr/5.4.0/../../../avr/lib/avr5/libc.a(itoa_ncheck.o)
 .bss           0x0000000000000000        0x0 /usr/lib/gcc/avr/5.4.0/../../../avr/lib/avr5/libc.a(itoa_ncheck.o)
 .text          0x0000000000000000        0x0 /usr/lib/gcc/avr/5.4.0/../../../avr/lib/avr5/libc.a(utoa_ncheck.o)
 .data          0x0000000000000000        0x0 /usr/lib/gcc/avr/5.4.0/../../../avr/lib/avr5/libc.a(utoa_ncheck.o)
 .bss           0x0000000000000000        0x0 /usr/lib/gcc/avr/5.4.0/../../../avr/lib/avr5/libc.a(utoa_ncheck.o)
 .text          0x0000000000000000        0x0 /usr/lib/gcc/avr/5.4.0/../../../avr/lib/avr5/libc.a(strrev.o)
 .data          0x0000000000000000        0x0 /usr/lib/gcc/avr/5.4.0/../../../avr/lib/avr5/libc.a(strrev.o)
 .bss           0x0000000000000000        0x0 /usr/lib/gcc/avr/5.4.0/../../../avr/lib/avr5/libc.a(strrev.o)

Memory Configuration

Name             Origin             Length             Attributes
text             0x0000000000000000 0x0000000000020000 xr
data             0x0000000000800060 0x000000000000ffa0 rw !x
eeprom           0x0000000000810000 0x0000000000010000 rw !x
fuse             0x0000000000820000 0x0000000000000003 rw !x
lock             0x0000000000830000 0x0000000000000400 rw !x
signature        0x0000000000840000 0x0000000000000400 rw !x
user_signatures  0x0000000000850000 0x0000000000000400 rw !x
*default*        0x0000000000000000 0xffffffffffffffff

Linker script and memory map

Address of section .data set to 0x800100
LOAD /usr/lib/gcc/avr/5.4.0/../../../avr/lib/avr5/crtatmega644.o
LOAD uzeboxVideoEngineCore.o
LOAD uzeboxCore.o
LOAD uzeboxSoundEngine.o
LOAD uzeboxSoundEngineCore.o
LOAD uzeboxVideoEngine.o
LOAD jump.o
START GROUP
LOAD /usr/lib/gcc/avr/5.4.0/avr5/libgcc.a
LOAD /usr/lib/gcc/avr/5.4.0/../../../avr/lib/avr5/libm.a
LOAD /usr/lib/gcc/avr/5.4.0/../../../avr/lib/avr5/libc.a
LOAD /usr/lib/gcc/avr/5.4.0/../../../avr/lib/avr5/libatmega644.a
END GROUP
                0x0000000000020000                __TEXT_REGION_LENGTH__ = DEFINED (__TEXT_REGION_LENGTH__)?__TEXT_REGION_LENGTH__:0x20000
                0x000000000000ffa0                __DATA_REGION_LENGTH__ = DEFINED (__DATA_REGION_LENGTH__)?__DATA_REGION_LENGTH__:0xffa0
                0x0000000000010000                __EEPROM_REGION_LENGTH__ = DEFINED (__EEPROM_REGION_LENGTH__)?__EEPROM_REGION_LENGTH__:0x10000
                [0x0000000000000003]                __FUSE_REGION_LENGTH__ = DEFINED (__FUSE_REGION_LENGTH__)?__FUSE_REGION_LENGTH__:0x400
                0x0000000000000400                __LOCK_REGION_LENGTH__ = DEFINED (__LOCK_REGION_LENGTH__)?__LOCK_REGION_LENGTH__:0x400
                0x0000000000000400                __SIGNATURE_REGION_LENGTH__ = DEFINED (__SIGNATURE_REGION_LENGTH__)?__SIGNATURE_REGION_LENGTH__:0x400
                0x0000000000000400                __USER_SIGNATURE_REGION_LENGTH__ = DEFINED (__USER_SIGNATURE_REGION_LENGTH__)?__USER_SIGNATURE_REGION_LENGTH__:0x400

.hash
 *(.hash)

.dynsym
 *(.dynsym)

.dynstr
 *(.dynstr)

.gnu.version
 *(.gnu.version)

.gnu.version_d
 *(.gnu.version_d)

.gnu.version_r
 *(.gnu.version_r)

.rel.init
 *(.rel.init)

.rela.init
 *(.rela.init)

.rel.text
 *(.rel.text)
 *(.rel.text.*)
 *(.rel.gnu.linkonce.t*)

.rela.text
 *(.rela.text)
 *(.rela.text.*)
 *(.rela.gnu.linkonce.t*)

.rel.fini
 *(.rel.fini)

.rela.fini
 *(.rela.fini)

.rel.rodata
 *(.rel.rodata)
 *(.rel.rodata.*)
 *(.rel.gnu.linkonce.r*)

.rela.rodata
 *(.rela.rodata)
 *(.rela.rodata.*)
 *(.rela.gnu.linkonce.r*)

.rel.data
 *(.rel.data)
 *(.rel.data.*)
 *(.rel.gnu.linkonce.d*)

.rela.data
 *(.rela.data)
 *(.rela.data.*)
 *(.rela.gnu.linkonce.d*)

.rel.ctors
 *(.rel.ctors)

.rela.ctors
 *(.rela.ctors)

.rel.dtors
 *(.rel.dtors)

.rela.dtors
 *(.rela.dtors)

.rel.got
 *(.rel.got)

.rela.got
 *(.rela.got)

.rel.bss
 *(.rel.bss)

.rela.bss
 *(.rela.bss)

.rel.plt
 *(.rel.plt)

.rela.plt
 *(.rela.plt)

.text           0x0000000000000000     0xd596
 *(.vectors)
 .vectors       0x0000000000000000       0x70 /usr/lib/gcc/avr/5.4.0/../../../avr/lib/avr5/crtatmega644.o
                0x0000000000000000                __vectors
                0x0000000000000000                __vector_default
 *(.vectors)
 *(.progmem.gcc*)
                0x0000000000000070                . = ALIGN (0x2)
                0x0000000000000070                __trampolines_start = .
 *(.trampolines)
 .trampolines   0x0000000000000070        0x0 linker stubs
 *(.trampolines*)
                0x0000000000000070                __trampolines_end = .
 *libprintf_flt.a:*(.progmem.data)
 *libc.a:*(.progmem.data)
 *(.progmem*)
 .progmem.data  0x0000000000000070       0x52 uzeboxCore.o
                0x0000000000000070                io_table
                0x00000000000000a2                eeprom_format_table
 .progmem.data  0x00000000000000c2       0x1e uzeboxSoundEngine.o
                0x00000000000000c2                patchCommands
 .progmem.data  0x00000000000000e0      0x853 uzeboxVideoEngine.o
                0x00000000000000e0                fader
                0x00000000000000ec                map_uzeboxlogo2
                0x00000000000000fd                map_uzeboxlogo
                0x0000000000000113                logo_tileset
                0x0000000000000913                logoInitPatches
                0x000000000000091c                initPatch
 .progmem.data  0x0000000000000933     0x7067 jump.o
                0x0000000000000933                level9
                0x0000000000000e1f                level8
                0x000000000000130b                level7
                0x00000000000017f7                level6
                0x0000000000001ce3                level5
                0x00000000000021cf                level4
                0x00000000000026bb                level3
                0x0000000000002ba7                level2
                0x0000000000003093                level1
                0x000000000000357f                intro0
                0x0000000000003a6b                midisong
                0x0000000000003ec4                patches
                0x0000000000003f27                fxlevelcompleted
                0x0000000000003f62                fxlivelost
                0x0000000000003f7f                fxenemy
                0x0000000000003f96                fxpoint
                0x0000000000003faa                fxgameover1
                0x0000000000003fc4                fxhit
                0x0000000000003fd2                fxjump
                0x0000000000004007                patch03
                0x0000000000004015                patch02
                0x0000000000004020                patch01
                0x000000000000402b                patch00
                0x0000000000004033                uMSprites
                0x00000000000046f3                blob1
                0x00000000000046f9                blob0
                0x00000000000046ff                run1
                0x0000000000004705                run0
                0x000000000000470b                owl1
                0x0000000000004711                owl0
                0x0000000000004717                pac2
                0x000000000000471d                pac1
                0x0000000000004723                pac0
                0x0000000000004729                uMTiles
                0x0000000000007829                spike1
                0x000000000000782d                spike0
                0x0000000000007831                congra0
                0x000000000000783d                timeup0
                0x0000000000007845                over0
                0x000000000000784e                press0
                0x0000000000007858                time0
                0x000000000000785d                live0
                0x0000000000007862                get0
                0x000000000000786b                x0
                0x000000000000786e                level0
                0x0000000000007874                bonus0
                0x000000000000787a                score0
                0x0000000000007880                nm
                0x0000000000007883                n9
                0x0000000000007886                n8
                0x0000000000007889                n7
                0x000000000000788c                n6
                0x000000000000788f                n5
                0x0000000000007892                n4
                0x0000000000007895                n3
                0x0000000000007898                n2
                0x000000000000789b                n1
                0x000000000000789e                n0
                0x00000000000078a1                nb
                0x00000000000078a4                bridge3
                0x00000000000078a7                bridge2
                0x00000000000078aa                bridge1
                0x00000000000078ad                bridge0
                0x00000000000078b0                water3
                0x00000000000078b6                water2
                0x00000000000078bc                water1
                0x00000000000078c2                water0
                0x00000000000078c8                tube5
                0x00000000000078ce                tube4
                0x00000000000078d4                tube3
                0x00000000000078da                tube2
                0x00000000000078e0                tube1
                0x00000000000078e6                tube0
                0x00000000000078ec                cloud3
                0x00000000000078f2                cloud2
                0x00000000000078f8                cloud1
                0x00000000000078fe                cloud0
                0x0000000000007904                fireground
                0x000000000000790a                blackblock
                0x0000000000007910                lilblack
                0x0000000000007913                black
                0x0000000000007919                fire2
                0x000000000000791f                fire1
                0x0000000000007925                blue
                0x0000000000007928                banana2
                0x000000000000792c                banana
                0x0000000000007932                diamond0
                0x0000000000007938                block3
                0x000000000000793e                block2
                0x0000000000007944                door3
                0x000000000000794a                door2
                0x0000000000007950                door1
                0x0000000000007956                door0
                0x000000000000795c                block5
                0x0000000000007962                block4
                0x0000000000007968                ground3
                0x0000000000007970                ground2
                0x0000000000007978                ground1
                0x0000000000007980                ground
                0x0000000000007988                block1
                0x000000000000798e                block0
                0x0000000000007994                bigblue0
                0x000000000000799a                . = ALIGN (0x2)
 *(.jumptables)
 *(.jumptables*)
 *(.lowtext)
 *(.lowtext*)
                0x000000000000799a                __ctors_start = .
 *(.ctors)
                0x000000000000799a                __ctors_end = .
                0x000000000000799a                __dtors_start = .
 *(.dtors)
                0x000000000000799a                __dtors_end = .
 SORT(*)(.ctors)
 SORT(*)(.dtors)
 *(.init0)
 .init0         0x000000000000799a        0x0 /usr/lib/gcc/avr/5.4.0/../../../avr/lib/avr5/crtatmega644.o
                0x000000000000799a                __init
 *(.init0)
 *(.init1)
 *(.init1)
 *(.init2)
 .init2         0x000000000000799a        0xc /usr/lib/gcc/avr/5.4.0/../../../avr/lib/avr5/crtatmega644.o
 *(.init2)
 *(.init3)
 *(.init3)
 *(.init4)
 .init4         0x00000000000079a6       0x16 /usr/lib/gcc/avr/5.4.0/avr5/libgcc.a(_copy_data.o)
                0x00000000000079a6                __do_copy_data
 .init4         0x00000000000079bc       0x10 /usr/lib/gcc/avr/5.4.0/avr5/libgcc.a(_clear_bss.o)
                0x00000000000079bc                __do_clear_bss
 *(.init4)
 *(.init5)
 *(.init5)
 *(.init6)
 *(.init6)
 *(.init7)
 .init7         0x00000000000079cc       0x18 uzeboxCore.o
                0x00000000000079cc                wdt_init
 *(.init7)
 *(.init8)
 .init8         0x00000000000079e4       0x84 uzeboxCore.o
                0x00000000000079e4                Initialize
 *(.init8)
 *(.init9)
 .init9         0x0000000000007a68        0x8 /usr/lib/gcc/avr/5.4.0/../../../avr/lib/avr5/crtatmega644.o
 *(.init9)
 *(.text)
 .text          0x0000000000007a70        0x4 /usr/lib/gcc/avr/5.4.0/../../../avr/lib/avr5/crtatmega644.o
                0x0000000000007a70                __vector_22
                0x0000000000007a70                __vector_1
                0x0000000000007a70                __vector_24
                0x0000000000007a70                __vector_12
                0x0000000000007a70                __bad_interrupt
                0x0000000000007a70                __vector_6
                0x0000000000007a70                __vector_3
                0x0000000000007a70                __vector_23
                0x0000000000007a70                __vector_25
                0x0000000000007a70                __vector_11
                0x0000000000007a70                __vector_17
                0x0000000000007a70                __vector_19
                0x0000000000007a70                __vector_7
                0x0000000000007a70                __vector_27
                0x0000000000007a70                __vector_5
                0x0000000000007a70                __vector_4
                0x0000000000007a70                __vector_9
                0x0000000000007a70                __vector_2
                0x0000000000007a70                __vector_21
                0x0000000000007a70                __vector_8
                0x0000000000007a70                __vector_26
                0x0000000000007a70                __vector_10
                0x0000000000007a70                __vector_16
                0x0000000000007a70                __vector_18
                0x0000000000007a70                __vector_20
 .text          0x0000000000007a74      0x86a uzeboxVideoEngineCore.o
                0x0000000000007bdc                __vector_15
                0x0000000000007dda                CopyFlashTile
                0x0000000000007ef8                CopyRamTile
                0x0000000000008012                RestoreBackground
                0x0000000000008038                BlitSpritePart
                0x0000000000008106                __vector_13
                0x0000000000008184                __vector_14
 .text          0x00000000000082de      0x168 uzeboxSoundEngineCore.o
                0x00000000000082de                process_music
                0x00000000000082ea                update_sound
                0x0000000000008446                . = ALIGN (0x2)
 *(.text.*)
 .text.SetSpritesTileTable
                0x0000000000008446        0xa uzeboxVideoEngineCore.o
                0x0000000000008446                SetSpritesTileTable
 .text.ClearVram
                0x0000000000008450       0x14 uzeboxVideoEngineCore.o
                0x0000000000008450                ClearVram
 .text.SetTile  0x0000000000008464       0x22 uzeboxVideoEngineCore.o
                0x0000000000008464                SetTile
 .text.SetTileTable
                0x0000000000008486        0xa uzeboxVideoEngineCore.o
                0x0000000000008486                SetTileTable
 .text.GetVsyncFlag
                0x0000000000008490        0x8 uzeboxVideoEngineCore.o
                0x0000000000008490                GetVsyncFlag
 .text.ClearVsyncFlag
                0x0000000000008498        0xc uzeboxVideoEngineCore.o
                0x0000000000008498                ClearVsyncFlag
 .text.ReadJoypad
                0x00000000000084a4       0x18 uzeboxVideoEngineCore.o
                0x00000000000084a4                ReadJoypad
 .text.SoftReset
                0x00000000000084bc       0x18 uzeboxVideoEngineCore.o
                0x00000000000084bc                SoftReset
 .text.WriteEeprom
                0x00000000000084d4       0x14 uzeboxVideoEngineCore.o
                0x00000000000084d4                WriteEeprom
 .text.ReadEeprom
                0x00000000000084e8       0x12 uzeboxVideoEngineCore.o
                0x00000000000084e8                ReadEeprom
 .text.SetUserPostVsyncCallback
                0x00000000000084fa        0xa uzeboxVideoEngineCore.o
                0x00000000000084fa                SetUserPostVsyncCallback
 .text.ReadButtons
                0x0000000000008504       0x6c uzeboxCore.o
                0x0000000000008504                ReadButtons
 .text.ReadControllers
                0x0000000000008570       0x20 uzeboxCore.o
                0x0000000000008570                ReadControllers
 .text.FormatEeprom
                0x0000000000008590       0x44 uzeboxCore.o
                0x0000000000008590                FormatEeprom
 .text.isEepromFormatted
                0x00000000000085d4       0x2e uzeboxCore.o
                0x00000000000085d4                isEepromFormatted
 .text.PatchCommand00
                0x0000000000008602        0x6 uzeboxSoundEngine.o
                0x0000000000008602                PatchCommand00
 .text.PatchCommand01
                0x0000000000008608       0x10 uzeboxSoundEngine.o
                0x0000000000008608                PatchCommand01
 .text.PatchCommand05
                0x0000000000008618        0xa uzeboxSoundEngine.o
                0x0000000000008618                PatchCommand05
 .text.PatchCommand06
                0x0000000000008622        0xa uzeboxSoundEngine.o
                0x0000000000008622                PatchCommand06
 .text.PatchCommand07
                0x000000000000862c        0x6 uzeboxSoundEngine.o
                0x000000000000862c                PatchCommand07
 .text.PatchCommand09
                0x0000000000008632        0x6 uzeboxSoundEngine.o
                0x0000000000008632                PatchCommand09
 .text.PatchCommand10
                0x0000000000008638        0x6 uzeboxSoundEngine.o
                0x0000000000008638                PatchCommand10
 .text.PatchCommand11
                0x000000000000863e       0x76 uzeboxSoundEngine.o
                0x000000000000863e                PatchCommand11
 .text.PatchCommand12
                0x00000000000086b4        0x6 uzeboxSoundEngine.o
                0x00000000000086b4                PatchCommand12
 .text.PatchCommand13
                0x00000000000086ba        0x6 uzeboxSoundEngine.o
                0x00000000000086ba                PatchCommand13
 .text.PatchCommand02
                0x00000000000086c0        0x8 uzeboxSoundEngine.o
                0x00000000000086c0                PatchCommand02
 .text.PatchCommand03
                0x00000000000086c8        0xe uzeboxSoundEngine.o
                0x00000000000086c8                PatchCommand03
 .text.PatchCommand04
                0x00000000000086d6       0x10 uzeboxSoundEngine.o
                0x00000000000086d6                PatchCommand04
 .text.PatchCommand08
                0x00000000000086e6       0x20 uzeboxSoundEngine.o
                0x00000000000086e6                PatchCommand08
 .text.PatchCommand14
                0x0000000000008706       0x54 uzeboxSoundEngine.o
                0x0000000000008706                PatchCommand14
 .text.InitMusicPlayer
                0x000000000000875a       0x36 uzeboxSoundEngine.o
                0x000000000000875a                InitMusicPlayer
 .text.StartSong
                0x0000000000008790       0x52 uzeboxSoundEngine.o
                0x0000000000008790                StartSong
 .text.StopSong
                0x00000000000087e2       0x1a uzeboxSoundEngine.o
                0x00000000000087e2                StopSong
 .text.ReadVarLen
                0x00000000000087fc       0x4c uzeboxSoundEngine.o
                0x00000000000087fc                ReadVarLen
 .text.TriggerCommon
                0x0000000000008848      0x102 uzeboxSoundEngine.o
                0x0000000000008848                TriggerCommon
 .text.TriggerFx
                0x000000000000894a       0x90 uzeboxSoundEngine.o
                0x000000000000894a                TriggerFx
 .text.TriggerNote
                0x00000000000089da       0x80 uzeboxSoundEngine.o
                0x00000000000089da                TriggerNote
 .text.ProcessMusic
                0x0000000000008a5a      0x3b2 uzeboxSoundEngine.o
                0x0000000000008a5a                ProcessMusic
 .text.SetMixerNote
                0x0000000000008e0c       0x2e uzeboxSoundEngineCore.o
                0x0000000000008e0c                SetMixerNote
 .text.SetMixerWave
                0x0000000000008e3a       0x3a uzeboxSoundEngineCore.o
                0x0000000000008e3a                SetMixerWave
 .text.steptable
                0x0000000000008e74       0xfe uzeboxSoundEngineCore.o
                0x0000000000008e74                steptable
 *fill*         0x0000000000008f72       0x8e 
 .text.waves    0x0000000000009000      0xa00 uzeboxSoundEngineCore.o
                0x0000000000009000                waves
 .text.ProcessSprites
                0x0000000000009a00      0x25c uzeboxVideoEngine.o
                0x0000000000009a00                ProcessSprites
 .text.Scroll   0x0000000000009c5c       0x34 uzeboxVideoEngine.o
                0x0000000000009c5c                Scroll
 .text.MapSprite2
                0x0000000000009c90       0x9a uzeboxVideoEngine.o
                0x0000000000009c90                MapSprite2
 .text.MoveSprite
                0x0000000000009d2a       0x32 uzeboxVideoEngine.o
                0x0000000000009d2a                MoveSprite
 .text.InitializeVideoMode
                0x0000000000009d5c       0x28 uzeboxVideoEngine.o
                0x0000000000009d5c                InitializeVideoMode
 .text.DrawMap  0x0000000000009d84       0x7e uzeboxVideoEngine.o
                0x0000000000009d84                DrawMap2
                0x0000000000009d84                DrawMap
 .text.WaitVsync
                0x0000000000009e02       0x2e uzeboxVideoEngine.o
                0x0000000000009e02                WaitVsync
 .text.DisplayLogo
                0x0000000000009e30       0x6e uzeboxVideoEngine.o
                0x0000000000009e30                DisplayLogo
 .text.doFade   0x0000000000009e9e       0x1c uzeboxVideoEngine.o
                0x0000000000009e9e                doFade
 .text.FadeIn   0x0000000000009eba       0x18 uzeboxVideoEngine.o
                0x0000000000009eba                FadeIn
 .text.FadeOut  0x0000000000009ed2       0x18 uzeboxVideoEngine.o
                0x0000000000009ed2                FadeOut
 .text.ProcessFading
                0x0000000000009eea       0x4a uzeboxVideoEngine.o
                0x0000000000009eea                ProcessFading
 .text.VideoModeVsync
                0x0000000000009f34        0x8 uzeboxVideoEngine.o
                0x0000000000009f34                VideoModeVsync
 .text.vsync_callback
                0x0000000000009f3c       0x28 jump.o
                0x0000000000009f3c                vsync_callback
 .text.drawplayer
                0x0000000000009f64      0x12c jump.o
                0x0000000000009f64                drawplayer
 .text.drawplayer2
                0x000000000000a090      0x11c jump.o
                0x000000000000a090                drawplayer2
 .text.printtileint
                0x000000000000a1ac      0x264 jump.o
                0x000000000000a1ac                printtileint
 .text.initlevel
                0x000000000000a410       0x9c jump.o
                0x000000000000a410                initlevel
 .text.makeWater
                0x000000000000a4ac       0x42 jump.o
                0x000000000000a4ac                makeWater
 .text.updateWater
                0x000000000000a4ee      0x144 jump.o
                0x000000000000a4ee                updateWater
 .text.makeBanana2
                0x000000000000a632       0xb0 jump.o
                0x000000000000a632                makeBanana2
 .text.checkBanana
                0x000000000000a6e2      0x1de jump.o
                0x000000000000a6e2                checkBanana
 .text.printheadline
                0x000000000000a8c0       0x8a jump.o
                0x000000000000a8c0                printheadline
 .text.printheadlineintro
                0x000000000000a94a       0x48 jump.o
                0x000000000000a94a                printheadlineintro
 .text.updatepoints
                0x000000000000a992       0x22 jump.o
                0x000000000000a992                updatepoints
 .text.checkcollide
                0x000000000000a9b4      0x620 jump.o
                0x000000000000a9b4                checkcollide
 .text.moveplayer2
                0x000000000000afd4      0x512 jump.o
                0x000000000000afd4                moveplayer2
 .text.setheadline
                0x000000000000b4e6       0x1a jump.o
                0x000000000000b4e6                setheadline
 .text.drawmonster
                0x000000000000b500       0xf8 jump.o
                0x000000000000b500                drawmonster
 .text.movemonster
                0x000000000000b5f8      0x320 jump.o
                0x000000000000b5f8                movemonster
 .text.checkplayer
                0x000000000000b918       0x6e jump.o
                0x000000000000b918                checkplayer
 .text.checkmonster
                0x000000000000b986      0x1aa jump.o
                0x000000000000b986                checkmonster
 .text.moveplayer
                0x000000000000bb30      0x65a jump.o
                0x000000000000bb30                moveplayer
 .text.scrollmonster
                0x000000000000c18a       0x4c jump.o
                0x000000000000c18a                scrollmonster
 .text.setowl   0x000000000000c1d6       0x7a jump.o
                0x000000000000c1d6                setowl
 .text.setblob  0x000000000000c250       0x7a jump.o
                0x000000000000c250                setblob
 .text.drawlevel
                0x000000000000c2ca      0x2d8 jump.o
                0x000000000000c2ca                drawlevel
 .text.updatelevel
                0x000000000000c5a2      0x36a jump.o
                0x000000000000c5a2                updatelevel
 .text.initmonster
                0x000000000000c90c        0xe jump.o
                0x000000000000c90c                initmonster
 .text.movelevel
                0x000000000000c91a       0xbe jump.o
                0x000000000000c91a                movelevel
 .text.updatetime
                0x000000000000c9d8       0x6a jump.o
                0x000000000000c9d8                updatetime
 .text.playintro
                0x000000000000ca42      0x3da jump.o
                0x000000000000ca42                playintro
 .text.showgetready
                0x000000000000ce1c       0xc0 jump.o
                0x000000000000ce1c                showgetready
 .text.showgameover
                0x000000000000cedc       0xa8 jump.o
                0x000000000000cedc                showgameover
 .text.showtimesup
                0x000000000000cf84       0xa8 jump.o
                0x000000000000cf84                showtimesup
 .text.showcongratulation
                0x000000000000d02c       0xa2 jump.o
                0x000000000000d02c                showcongratulation
 .text.startup.main
                0x000000000000d0ce      0x3c6 jump.o
                0x000000000000d0ce                main
 .text.libgcc.div
                0x000000000000d494       0x28 /usr/lib/gcc/avr/5.4.0/avr5/libgcc.a(_udivmodhi4.o)
                0x000000000000d494                __udivmodhi4
 .text.libgcc.div
                0x000000000000d4bc       0x28 /usr/lib/gcc/avr/5.4.0/avr5/libgcc.a(_divmodhi4.o)
                0x000000000000d4bc                __divmodhi4
                0x000000000000d4bc                _div
 .text.libgcc.div
                0x000000000000d4e4       0x44 /usr/lib/gcc/avr/5.4.0/avr5/libgcc.a(_udivmodsi4.o)
                0x000000000000d4e4                __udivmodsi4
 .text.avr-libc
                0x000000000000d528       0x16 /usr/lib/gcc/avr/5.4.0/../../../avr/lib/avr5/libc.a(itoa_ncheck.o)
                0x000000000000d528                __itoa_ncheck
 .text.avr-libc
                0x000000000000d53e       0x34 /usr/lib/gcc/avr/5.4.0/../../../avr/lib/avr5/libc.a(utoa_ncheck.o)
                0x000000000000d53e                __utoa_ncheck
                0x000000000000d540                __utoa_common
 .text.avr-libc
                0x000000000000d572       0x20 /usr/lib/gcc/avr/5.4.0/../../../avr/lib/avr5/libc.a(strrev.o)
                0x000000000000d572                strrev
                0x000000000000d592                . = ALIGN (0x2)
 *(.fini9)
 .fini9         0x000000000000d592        0x0 /usr/lib/gcc/avr/5.4.0/avr5/libgcc.a(_exit.o)
                0x000000000000d592                exit
                0x000000000000d592                _exit
 *(.fini9)
 *(.fini8)
 *(.fini8)
 *(.fini7)
 *(.fini7)
 *(.fini6)
 *(.fini6)
 *(.fini5)
 *(.fini5)
 *(.fini4)
 *(.fini4)
 *(.fini3)
 *(.fini3)
 *(.fini2)
 *(.fini2)
 *(.fini1)
 *(.fini1)
 *(.fini0)
 .fini0         0x000000000000d592        0x4 /usr/lib/gcc/avr/5.4.0/avr5/libgcc.a(_exit.o)
 *(.fini0)
                0x000000000000d596                _etext = .

.data           0x0000000000800100        0x2 load address 0x000000000000d596
                0x0000000000800100                PROVIDE (__data_start, .)
 *(.data)
 .data          0x0000000000800100        0x1 uzeboxVideoEngine.o
 *(.data*)
 *(.rodata)
 *(.rodata*)
 *(.gnu.linkonce.d*)
                0x0000000000800102                . = ALIGN (0x2)
 *fill*         0x0000000000800101        0x1 
                0x0000000000800102                _edata = .
                0x0000000000800102                PROVIDE (__data_end, .)

.bss            0x0000000000800102      0x98e
                0x0000000000800102                PROVIDE (__bss_start, .)
 *(.bss)
 .bss           0x0000000000800102      0x772 uzeboxVideoEngineCore.o
                0x0000000000800102                sprites
                0x000000000080013a                ram_tiles
                0x00000000008007fa                ram_tiles_restore
                0x000000000080084b                free_tile_index
                0x000000000080084c                user_ram_tiles_c
                0x000000000080084d                user_ram_tiles_c_tmp
                0x000000000080084e                sprites_tile_banks
                0x0000000000800859                Screen
                0x0000000000800860                sync_phase
                0x0000000000800861                sync_pulse
                0x0000000000800862                sync_flags
                0x0000000000800867                first_render_line
                0x0000000000800868                render_lines_count
                0x0000000000800869                joypad1_status_lo
                0x000000000080086b                joypad1_status_hi
                0x000000000080086d                joypad2_status_lo
                0x000000000080086f                joypad2_status_hi
 .bss           0x0000000000800874        0x1 uzeboxSoundEngine.o
                0x0000000000800874                playSong
 .bss           0x0000000000800875       0x23 uzeboxSoundEngineCore.o
                0x0000000000800875                sound_enabled
                0x0000000000800876                mixer
                0x0000000000800889                tr4_params
                0x000000000080088a                tr4_barrel_lo
                0x000000000080088b                tr4_barrel_hi
 .bss           0x0000000000800898        0x5 jump.o
                0x0000000000800898                waterspwncnt
                0x000000000080089a                banspwncnt
                0x000000000080089c                bananaCount
 *(.bss*)
 *(COMMON)
 COMMON         0x000000000080089d        0x1 uzeboxCore.o
                0x000000000080089d                joypadsConnectionStatus
 COMMON         0x000000000080089e       0x83 uzeboxSoundEngine.o
                0x000000000080089e                songStart
                0x00000000008008a0                tracks
                0x0000000000800913                currDeltaTime
                0x0000000000800915                patchPointers
                0x0000000000800917                lastStatus
                0x0000000000800918                masterVolume
                0x0000000000800919                nextDeltaTime
                0x000000000080091b                songSpeed
                0x000000000080091c                songPos
                0x000000000080091e                loopStart
                0x0000000000800920                step
 COMMON         0x0000000000800921        0x5 uzeboxVideoEngine.o
                0x0000000000800921                fadeSpeed
                0x0000000000800922                fadeDir
                0x0000000000800923                fadeActive
                0x0000000000800924                currFadeFrame
                0x0000000000800925                fadeStep
 COMMON         0x0000000000800926      0x16a jump.o
                0x0000000000800926                bridges
                0x0000000000800956                timeisup
                0x0000000000800957                blob
                0x0000000000800962                player
                0x000000000080097e                introplaying
                0x000000000080097f                ly
                0x0000000000800981                waterscrolls
                0x000000000080099d                bl
                0x000000000080099e                levMovedCnt
                0x00000000008009a0                bananay
                0x00000000008009a2                score
                0x00000000008009a4                bananaxs
                0x00000000008009b8                oldx
                0x00000000008009ba                level
                0x00000000008009bb                play
                0x00000000008009bc                bananays
                0x00000000008009d0                waterxs
                0x00000000008009ec                exitgame
                0x00000000008009ed                time
                0x00000000008009f1                MonsteronScreen
                0x00000000008009f2                player2
                0x0000000000800a0e                lives
                0x0000000000800a0f                owl
                0x0000000000800a1a                destX
                0x0000000000800a1b                bananax
                0x0000000000800a1d                dp
                0x0000000000800a1f                diamonds
                0x0000000000800a51                bonus
                0x0000000000800a53                finished
                0x0000000000800a54                bananascrolls
                0x0000000000800a68                isplaying
                0x0000000000800a69                leveltime
                0x0000000000800a6a                oldx2
                0x0000000000800a6c                Levelx
                0x0000000000800a6d                died
                0x0000000000800a6e                lx
                0x0000000000800a70                aniframe
                0x0000000000800a71                oldy
                0x0000000000800a73                waterys
                0x0000000000800a8f                scrolltiles
                0x0000000000800a90                PROVIDE (__bss_end, .)
                0x000000000000d596                __data_load_start = LOADADDR (.data)
                0x000000000000d598                __data_load_end = (__data_load_start + SIZEOF (.data))

.noinit         0x0000000000800a90      0x470
                [!provide]                        PROVIDE (__noinit_start, .)
 *(.noinit*)
 *fill*         0x0000000000800a90       0x70 
 .noinit        0x0000000000800b00      0x400 uzeboxVideoEngineCore.o
                0x0000000000800b00                vram
                0x0000000000800f00                overlay_vram
                [!provide]                        PROVIDE (__noinit_end, .)
                0x0000000000800f00                _end = .
                [!provide]                        PROVIDE (__heap_start, .)

.eeprom         0x0000000000810000        0x0
 *(.eeprom*)
                0x0000000000810000                __eeprom_end = .

.fuse
 *(.fuse)
 *(.lfuse)
 *(.hfuse)
 *(.efuse)

.lock
 *(.lock*)

.signature
 *(.signature*)

.user_signatures
 *(.user_signatures*)

.stab
 *(.stab)

.stabstr
 *(.stabstr)

.stab.excl
 *(.stab.excl)

.stab.exclstr
 *(.stab.exclstr)

.stab.index
 *(.stab.index)

.stab.indexstr
 *(.stab.indexstr)

.comment        0x0000000000000000       0x11
 *(.comment)
 .comment       0x0000000000000000       0x11 uzeboxCore.o
                                         0x12 (size before relaxing)
 .comment       0x0000000000000011       0x12 uzeboxSoundEngine.o
 .comment       0x0000000000000011       0x12 uzeboxVideoEngine.o
 .comment       0x0000000000000011       0x12 jump.o

.note.gnu.avr.deviceinfo
                0x0000000000000000       0x3c
 .note.gnu.avr.deviceinfo
                0x0000000000000000       0x3c /usr/lib/gcc/avr/5.4.0/../../../avr/lib/avr5/crtatmega644.o

.note.gnu.build-id
 *(.note.gnu.build-id)

.debug
 *(.debug)

.line
 *(.line)

.debug_srcinfo
 *(.debug_srcinfo)

.debug_sfnames
 *(.debug_sfnames)

.debug_aranges  0x0000000000000000      0x4f0
 *(.debug_aranges)
 .debug_aranges
                0x0000000000000000       0xe8 uzeboxVideoEngineCore.o
 .debug_aranges
                0x00000000000000e8       0x88 uzeboxCore.o
 .debug_aranges
                0x0000000000000170      0x100 uzeboxSoundEngine.o
 .debug_aranges
                0x0000000000000270       0x50 uzeboxSoundEngineCore.o
 .debug_aranges
                0x00000000000002c0      0x108 uzeboxVideoEngine.o
 .debug_aranges
                0x00000000000003c8      0x128 jump.o

.debug_pubnames
 *(.debug_pubnames)

.debug_info     0x0000000000000000     0x7ccf
 *(.debug_info .gnu.linkonce.wi.*)
 .debug_info    0x0000000000000000      0x672 /usr/lib/gcc/avr/5.4.0/../../../avr/lib/avr5/crtatmega644.o
 .debug_info    0x0000000000000672       0x85 uzeboxVideoEngineCore.o
 .debug_info    0x00000000000006f7      0xad1 uzeboxCore.o
 .debug_info    0x00000000000011c8     0x12f7 uzeboxSoundEngine.o
 .debug_info    0x00000000000024bf       0x7c uzeboxSoundEngineCore.o
 .debug_info    0x000000000000253b     0x1556 uzeboxVideoEngine.o
 .debug_info    0x0000000000003a91     0x423e jump.o

.debug_abbrev   0x0000000000000000     0x13f0
 *(.debug_abbrev)
 .debug_abbrev  0x0000000000000000      0x619 /usr/lib/gcc/avr/5.4.0/../../../avr/lib/avr5/crtatmega644.o
 .debug_abbrev  0x0000000000000619       0x12 uzeboxVideoEngineCore.o
 .debug_abbrev  0x000000000000062b      0x2f9 uzeboxCore.o
 .debug_abbrev  0x0000000000000924      0x34e uzeboxSoundEngine.o
 .debug_abbrev  0x0000000000000c72       0x12 uzeboxSoundEngineCore.o
 .debug_abbrev  0x0000000000000c84      0x3c5 uzeboxVideoEngine.o
 .debug_abbrev  0x0000000000001049      0x3a7 jump.o

.debug_line     0x0000000000000000     0x5bdc
 *(.debug_line .debug_line.* .debug_line_end)
 .debug_line    0x0000000000000000       0x1a /usr/lib/gcc/avr/5.4.0/../../../avr/lib/avr5/crtatmega644.o
 .debug_line    0x000000000000001a     0x1663 uzeboxVideoEngineCore.o
 .debug_line    0x000000000000167d      0x51b uzeboxCore.o
 .debug_line    0x0000000000001b98      0x879 uzeboxSoundEngine.o
 .debug_line    0x0000000000002411      0x577 uzeboxSoundEngineCore.o
 .debug_line    0x0000000000002988      0x9cb uzeboxVideoEngine.o
 .debug_line    0x0000000000003353     0x2889 jump.o

.debug_frame    0x0000000000000000      0xcd0
 *(.debug_frame)
 .debug_frame   0x0000000000000000      0x1bc uzeboxCore.o
 .debug_frame   0x00000000000001bc      0x254 uzeboxSoundEngine.o
 .debug_frame   0x0000000000000410      0x488 uzeboxVideoEngine.o
 .debug_frame   0x0000000000000898      0x438 jump.o

.debug_str      0x0000000000000000     0x158c
 *(.debug_str)
 .debug_str     0x0000000000000000      0x231 /usr/lib/gcc/avr/5.4.0/../../../avr/lib/avr5/crtatmega644.o
 .debug_str     0x0000000000000231      0x4e4 uzeboxCore.o
                                        0x53c (size before relaxing)
 .debug_str     0x0000000000000715      0x411 uzeboxSoundEngine.o
                                        0x665 (size before relaxing)
 .debug_str     0x0000000000000b26      0x3d1 uzeboxVideoEngine.o
                                        0x5b4 (size before relaxing)
 .debug_str     0x0000000000000ef7      0x695 jump.o
                                        0x904 (size before relaxing)

.debug_loc      0x0000000000000000     0x545d
 *(.debug_loc)
 .debug_loc     0x0000000000000000      0x9f9 uzeboxCore.o
 .debug_loc     0x00000000000009f9     0x107b uzeboxSoundEngine.o
 .debug_loc     0x0000000000001a74     0x1c10 uzeboxVideoEngine.o
 .debug_loc     0x0000000000003684     0x1dd9 jump.o

.debug_macinfo
 *(.debug_macinfo)

.debug_weaknames
 *(.debug_weaknames)

.debug_funcnames
 *(.debug_funcnames)

.debug_typenames
 *(.debug_typenames)

.debug_varnames
 *(.debug_varnames)

.debug_pubtypes
 *(.debug_pubtypes)

.debug_ranges   0x0000000000000000      0x568
 *(.debug_ranges)
 .debug_ranges  0x0000000000000000       0xe0 uzeboxVideoEngineCore.o
 .debug_ranges  0x00000000000000e0       0x90 uzeboxCore.o
 .debug_ranges  0x0000000000000170      0x120 uzeboxSoundEngine.o
 .debug_ranges  0x0000000000000290       0x48 uzeboxSoundEngineCore.o
 .debug_ranges  0x00000000000002d8      0x128 uzeboxVideoEngine.o
 .debug_ranges  0x0000000000000400      0x168 jump.o

.debug_macro
 *(.debug_macro)
OUTPUT(jump.elf elf32-avr)
LOAD linker stubs
